***********************************************
Report          : create_qor_snapshot (Place)
Design          : top_riscv_tec_pads
Version         : N-2017.09-SP4
Date            : Tue Oct  2 12:49:06 2018
Time unit       : 1.0e-09 Second(ns)
Capacitance unit: 1.0e-12 Farad(pF)
Voltage unit    : 1 Volt
Power unit      : N/A
Location        : /mnt/vol_NFS_Zener/WD_ESPEC/achacon/Proyectos-Actuales/chip-design/imd/micro_hdl/TEC_RISCV/Top_Phy/back_end/snapshot
***********************************************
No. of scenario = 1
--------------------------------------------------
WNS of each timing group:                
--------------------------------------------------
CLK                                        -13.292 
--------------------------------------------------
Setup WNS:                                 -13.292 
Setup TNS:                                -602.979
Number of setup violations:                     74  
Hold WNS:                                    0.000  
Hold TNS:                                    0.000  
Number of hold violations:                       0  
Number of max trans violations:                 16  
Number of max cap violations:                   16  
Number of min pulse width violations:            0  
Route drc violations:                            0
--------------------------------------------------
Area:                                       830381
Cell count:                                  13476
Buf/inv cell count:                           2473
Std cell utilization:                            0
CPU/ELAPSE(hr):                          0.03/0.04
Mem(Mb):                                       546
Host name:                                   zener
--------------------------------------------------
Histogram:           
--------------------------------------------------
Max violations:        74 
   above ~ -0.7  ---   74 
    -0.6 ~ -0.7  ---    0 
    -0.5 ~ -0.6  ---    0 
    -0.4 ~ -0.5  ---    0 
    -0.3 ~ -0.4  ---    0 
    -0.2 ~ -0.3  ---    0 
    -0.1 ~ -0.2  ---    0 
       0 ~ -0.1  ---    0 
--------------------------------------------------
Min violations:         0 
  -0.06 ~ above  ---    0 
  -0.05 ~ -0.06  ---    0 
  -0.04 ~ -0.05  ---    0 
  -0.03 ~ -0.04  ---    0 
  -0.02 ~ -0.03  ---    0 
  -0.01 ~ -0.02  ---    0 
      0 ~ -0.01  ---    0 
--------------------------------------------------
Snapshot report (index) is created and can be viewed using file "/mnt/vol_NFS_Zener/WD_ESPEC/achacon/Proyectos-Actuales/chip-design/imd/micro_hdl/TEC_RISCV/Top_Phy/back_end/snapshot/index.html"
1
