**************************************************************
* Voltage Drop Report file

* Units:
*   Length Unit         : um
*   Length Scale        : 0.001
*   Voltage Unit        : mV
*
* Cell Name : floorplan_ends1
* Net Name   : VDD_1V8
* Number of Resistors: 385
* Threshold V: (min, max)=(0.010278 15.433151)
* Format: [left bottom right top] on Layer is voltage
*
[995140 1360230 1000100 1360460] on METTPL is 16.007e-3
[995140 1324200 1000100 1360230] on METTPL is 2.523
[995140 1360000 1000100 1360460] on VIATPL is 16.007e-3
[995140 1360000 1000100 1360460] on VIATP is 16.007e-3
[995140 1360000 1000100 1360460] on VIA3 is 16.007e-3
[995140 1360000 1000100 1360460] on VIA2 is 16.007e-3
[995140 1360000 1000100 1360460] on VIA1 is 16.007e-3
[997620 1360000 1000100 1360460] on MET1 is 16.007e-3
[995140 1360000 997620 1360460] on MET1 is 16.007e-3
[995140 1317480 1000100 1324200] on METTPL is 2.523
[995140 1317480 1000100 1330920] on VIATPL is 3.492
[997620 1317480 1095680 1330920] on METTP is 7.156
[989280 1317480 997620 1330920] on METTP is 3.802
[924820 1317480 989280 1330920] on METTP is 5.376
[987780 1317480 990780 1330920] on VIATPL is 4.112
[987780 1198055 990780 1324200] on METTPL is 6.596
[987780 1324200 990780 1330920] on METTPL is 4.112
[987780 1099495 990780 1198055] on METTPL is 7.979
[987780 1197215 990780 1198895] on VIATPL is 7.755
[989280 1197215 1095680 1198895] on METTP is 10.443
[924820 1197215 989280 1198895] on METTP is 7.755
[918100 1197215 924820 1198895] on METTP is 6.622
[918100 1197215 931540 1198895] on VIATPL is 6.622
[918100 1099495 931540 1198055] on METTPL is 7.129
[918100 1198055 931540 1324200] on METTPL is 6.459
[918100 1324200 931540 1330920] on METTPL is 5.473
[918100 1317480 931540 1330920] on VIATPL is 5.473
[918100 1317480 924820 1330920] on METTP is 5.376
[918100 1000935 931540 1099495] on METTPL is 7.685
[918100 1098655 931540 1100335] on VIATPL is 7.317
[924820 1098655 989280 1100335] on METTP is 8.8
[918100 1098655 924820 1100335] on METTP is 7.317
[989280 1098655 1095680 1100335] on METTP is 11.454
[987780 1098655 990780 1100335] on VIATPL is 8.8
[987780 1000935 990780 1099495] on METTPL is 8.968
[987780 911335 990780 1000935] on METTPL is 9.585
[987780 1000095 990780 1001775] on VIATPL is 9.608
[989280 1000095 1095680 1001775] on METTP is 12.223
[924820 1000095 989280 1001775] on METTP is 9.608
[918100 1000095 924820 1001775] on METTP is 7.891
[918100 1000095 931540 1001775] on VIATPL is 7.891
[918100 911335 931540 1000935] on METTPL is 8.074
[918100 812775 931540 911335] on METTPL is 8.368
[918100 910495 931540 912175] on VIATPL is 8.292
[924820 910495 989280 912175] on METTP is 10.135
[918100 910495 924820 912175] on METTP is 8.292
[989280 910495 1095680 912175] on METTP is 12.7
[987780 910495 990780 912175] on VIATPL is 10.135
[987780 812775 990780 911335] on METTPL is 10
[987780 714215 990780 812775] on METTPL is 10.173
[987780 811935 990780 813615] on VIATPL is 10.504
[989280 811935 1095680 813615] on METTP is 12.963
[924820 811935 989280 813615] on METTP is 10.504
[918100 811935 924820 813615] on METTP is 8.595
[918100 811935 931540 813615] on VIATPL is 8.595
[918100 714215 931540 812775] on METTPL is 8.523
[918100 615655 931540 714215] on METTPL is 8.539
[918100 713375 931540 715055] on VIATPL is 8.748
[924820 713375 989280 715055] on METTP is 10.634
[918100 713375 924820 715055] on METTP is 8.748
[989280 713375 1095680 715055] on METTP is 12.92
[987780 713375 990780 715055] on VIATPL is 10.634
[987780 615655 990780 714215] on METTPL is 10.173
[987780 517095 990780 615655] on METTPL is 10.123
[987780 614815 990780 616495] on VIATPL is 10.541
[989280 614815 1095680 616495] on METTP is 12.569
[924820 614815 989280 616495] on METTP is 10.541
[918100 614815 924820 616495] on METTP is 8.739
[918100 614815 931540 616495] on VIATPL is 8.739
[918100 577760 931540 615655] on METTPL is 8.539
[918100 571040 931540 577760] on METTPL is 8.499
[918100 571040 931540 584480] on VIATPL is 8.499
[924820 571040 931540 584480] on METTP is 8.485
[877280 571040 924820 584480] on METTP is 8.485
[770880 571040 877280 584480] on METTP is 8.301
[875780 571040 878780 584480] on VIATPL is 8.327
[875780 517095 878780 577760] on METTPL is 8.425
[875780 577760 878780 584480] on METTPL is 8.327
[875780 418535 878780 517095] on METTPL is 8.425
[875780 516255 878780 517935] on VIATPL is 9.433
[877280 516255 989280 517935] on METTP is 10.815
[770880 516255 877280 517935] on METTP is 9.433
[658880 516255 770880 517935] on METTP is 8.676
[769380 516255 772380 517935] on VIATPL is 8.676
[769380 418535 772380 517095] on METTPL is 7.764
[769380 517095 772380 577760] on METTPL is 7.781
[769380 577760 772380 584480] on METTPL is 7.781
[769380 571040 772380 584480] on VIATPL is 7.785
[658880 571040 770880 584480] on METTP is 7.785
[552480 571040 658880 584480] on METTP is 7.26
[657380 571040 660380 584480] on VIATPL is 7.26
[657380 517095 660380 577760] on METTPL is 7.241
[657380 577760 660380 584480] on METTPL is 7.241
[657380 418535 660380 517095] on METTPL is 7.165
[657380 516255 660380 517935] on VIATPL is 8.091
[552480 516255 658880 517935] on METTP is 8.091
[440480 516255 552480 517935] on METTP is 7.772
[550980 516255 553980 517935] on VIATPL is 7.772
[550980 418535 553980 517095] on METTPL is 6.956
[550980 517095 553980 577760] on METTPL is 6.956
[550980 577760 553980 584480] on METTPL is 6.866
[550980 571040 553980 584480] on VIATPL is 6.866
[440480 571040 552480 584480] on METTP is 6.843
[328480 571040 440480 584480] on METTP is 6.302
[438980 571040 441980 584480] on VIATPL is 6.356
[438980 517095 441980 577760] on METTPL is 6.566
[438980 577760 441980 584480] on METTPL is 6.356
[438980 418535 441980 517095] on METTPL is 6.566
[438980 516255 441980 517935] on VIATPL is 7.35
[328480 516255 440480 517935] on METTP is 7.35
[196140 516255 328480 517935] on METTP is 6.48
[326980 516255 329980 517935] on VIATPL is 6.48
[326980 418535 329980 517095] on METTPL is 5.848
[326980 517095 329980 577760] on METTPL is 5.808
[326980 577760 329980 584480] on METTPL is 5.585
[326980 571040 329980 584480] on VIATPL is 5.585
[196140 571040 328480 584480] on METTP is 5.527
[189420 571040 196140 584480] on METTP is 4.316
[189420 571040 202860 584480] on VIATPL is 4.316
[189420 517095 202860 577760] on METTPL is 4.279
[189420 577760 202860 584480] on METTPL is 4.279
[189420 418535 202860 517095] on METTPL is 4.099
[189420 516255 202860 517935] on VIATPL is 4.291
[189420 516255 196140 517935] on METTP is 4.291
[189420 351620 202860 418535] on METTPL is 3.688
[189420 417695 202860 419375] on VIATPL is 3.905
[196140 417695 328480 419375] on METTP is 6.503
[189420 417695 196140 419375] on METTP is 3.905
[328480 417695 440480 419375] on METTP is 7.348
[326980 417695 329980 419375] on VIATPL is 6.503
[326980 319975 329980 418535] on METTPL is 5.848
[326980 195240 329980 319975] on METTPL is 5.571
[326980 319135 329980 320815] on VIATPL is 6.309
[328480 319135 440480 320815] on METTP is 7.018
[196140 319135 328480 320815] on METTP is 6.309
[189420 319135 196140 320815] on METTP is 3.675
[189420 319135 202860 320815] on VIATPL is 3.675
[189420 195240 202860 319975] on METTPL is 3.746
[189420 319975 202860 351620] on METTPL is 3.442
[189420 349140 202860 354100] on VIATPL is 3.319
[196140 349140 202860 354100] on METTP is 2.942
[159770 349140 196140 354100] on METTP is 2.942
[159540 349140 159770 354100] on METTP is 18.489e-3
[159540 349140 160000 354100] on VIATP is 18.489e-3
[159540 349140 160000 354100] on VIA3 is 18.489e-3
[159540 349140 160000 354100] on VIA2 is 18.489e-3
[159540 349140 160000 354100] on VIA1 is 18.489e-3
[159540 349140 160000 351620] on MET1 is 18.489e-3
[159540 351620 160000 354100] on MET1 is 18.489e-3
[189420 188520 202860 195240] on METTPL is 3.746
[189420 188520 202860 201960] on VIATPL is 3.777
[196140 188520 328480 201960] on METTP is 4.671
[189420 188520 196140 201960] on METTP is 3.777
[328480 188520 440480 201960] on METTP is 4.857
[326980 188520 329980 201960] on VIATPL is 4.772
[326980 188520 329980 195240] on METTPL is 4.772
[440480 188520 552480 201960] on METTP is 4.857
[438980 188520 441980 201960] on VIATPL is 4.997
[438980 188520 441980 195240] on METTPL is 4.997
[438980 195240 441980 319975] on METTPL is 6.1
[438980 319975 441980 418535] on METTPL is 6.53
[438980 319135 441980 320815] on VIATPL is 7.018
[440480 319135 552480 320815] on METTP is 7.056
[552480 319135 658880 320815] on METTP is 7.056
[550980 319135 553980 320815] on VIATPL is 7.056
[550980 195240 553980 319975] on METTPL is 6.018
[550980 319975 553980 418535] on METTPL is 6.71
[550980 417695 553980 419375] on VIATPL is 7.634
[552480 417695 658880 419375] on METTP is 7.746
[440480 417695 552480 419375] on METTP is 7.634
[438980 417695 441980 419375] on VIATPL is 7.348
[658880 417695 770880 419375] on METTP is 8.354
[657380 417695 660380 419375] on VIATPL is 7.746
[657380 319975 660380 418535] on METTPL is 6.596
[657380 195240 660380 319975] on METTPL is 5.472
[657380 319135 660380 320815] on VIATPL is 6.867
[658880 319135 770880 320815] on METTP is 7.507
[770880 319135 877280 320815] on METTP is 8.33
[769380 319135 772380 320815] on VIATPL is 7.507
[769380 195240 772380 319975] on METTPL is 6.321
[769380 319975 772380 418535] on METTPL is 7.297
[769380 417695 772380 419375] on VIATPL is 8.354
[770880 417695 877280 419375] on METTP is 9.137
[877280 417695 989280 419375] on METTP is 10.106
[875780 417695 878780 419375] on VIATPL is 9.137
[875780 319975 878780 418535] on METTPL is 8.1
[875780 195240 878780 319975] on METTPL is 7.275
[875780 319135 878780 320815] on VIATPL is 8.33
[877280 319135 989280 320815] on METTP is 9.022
[989280 319135 1095680 320815] on METTP is 9.431
[987780 319135 990780 320815] on VIATPL is 9.022
[987780 195240 990780 319975] on METTPL is 8.007
[987780 319975 990780 418535] on METTPL is 9.166
[987780 418535 990780 517095] on METTPL is 9.872
[987780 417695 990780 419375] on VIATPL is 10.106
[989280 417695 1095680 419375] on METTP is 10.906
[1095680 417695 1207680 419375] on METTP is 12.023
[1094180 417695 1097180 419375] on VIATPL is 10.906
[1094180 319975 1097180 418535] on METTPL is 9.846
[1094180 418535 1097180 517095] on METTPL is 11.066
[1094180 517095 1097180 615655] on METTPL is 11.829
[1094180 516255 1097180 517935] on VIATPL is 12.018
[1095680 516255 1207680 517935] on METTP is 13.227
[989280 516255 1095680 517935] on METTP is 12.018
[987780 516255 990780 517935] on VIATPL is 10.815
[1207680 516255 1314080 517935] on METTP is 14.149
[1206180 516255 1209180 517935] on VIATPL is 13.227
[1206180 418535 1209180 517095] on METTPL is 12.346
[1206180 517095 1209180 615655] on METTPL is 13.267
[1206180 615655 1209180 714215] on METTPL is 13.82
[1206180 614815 1209180 616495] on VIATPL is 14.028
[1207680 614815 1314080 616495] on METTP is 14.823
[1095680 614815 1207680 616495] on METTP is 14.028
[1094180 614815 1097180 616495] on VIATPL is 12.569
[1094180 615655 1097180 714215] on METTPL is 12.234
[1094180 714215 1097180 812775] on METTPL is 12.31
[1094180 713375 1097180 715055] on VIATPL is 12.92
[1095680 713375 1207680 715055] on METTP is 14.514
[1207680 713375 1314080 715055] on METTP is 15.252
[1206180 713375 1209180 715055] on VIATPL is 14.514
[1206180 714215 1209180 812775] on METTPL is 14.04
[1206180 812775 1209180 911335] on METTPL is 14.04
[1206180 811935 1209180 813615] on VIATPL is 14.677
[1207680 811935 1314080 813615] on METTP is 15.433
[1095680 811935 1207680 813615] on METTP is 14.677
[1094180 811935 1097180 813615] on VIATPL is 12.963
[1094180 812775 1097180 911335] on METTPL is 12.31
[1094180 911335 1097180 1000935] on METTPL is 12.071
[1094180 910495 1097180 912175] on VIATPL is 12.7
[1095680 910495 1207680 912175] on METTP is 14.545
[1207680 910495 1314080 912175] on METTP is 15.359
[1206180 910495 1209180 912175] on VIATPL is 14.545
[1206180 911335 1209180 1000935] on METTPL is 13.952
[1206180 1000935 1209180 1099495] on METTPL is 13.613
[1206180 1000095 1209180 1001775] on VIATPL is 14.19
[1207680 1000095 1314080 1001775] on METTP is 15.133
[1095680 1000095 1207680 1001775] on METTP is 14.19
[1094180 1000095 1097180 1001775] on VIATPL is 12.223
[1094180 1000935 1097180 1099495] on METTPL is 11.579
[1094180 1099495 1097180 1198055] on METTPL is 10.727
[1094180 1098655 1097180 1100335] on VIATPL is 11.454
[1095680 1098655 1207680 1100335] on METTP is 13.592
[1207680 1098655 1314080 1100335] on METTP is 14.708
[1206180 1098655 1209180 1100335] on VIATPL is 13.592
[1206180 1099495 1209180 1198055] on METTPL is 12.963
[1206180 1198055 1209180 1324200] on METTPL is 12.01
[1206180 1197215 1209180 1198895] on VIATPL is 12.786
[1207680 1197215 1314080 1198895] on METTP is 14.122
[1095680 1197215 1207680 1198895] on METTP is 12.786
[1094180 1197215 1097180 1198895] on VIATPL is 10.443
[1094180 1198055 1097180 1324200] on METTPL is 9.524
[1094180 1324200 1097180 1330920] on METTPL is 7.419
[1094180 1317480 1097180 1330920] on VIATPL is 7.419
[1095680 1317480 1207680 1330920] on METTP is 10.1
[1207680 1317480 1314080 1330920] on METTP is 11.925
[1206180 1317480 1209180 1330920] on VIATPL is 10.312
[1206180 1324200 1209180 1330920] on METTPL is 10.312
[1314080 1317480 1458940 1330920] on METTP is 13.307
[1312580 1317480 1315580 1330920] on VIATPL is 12.095
[1312580 1198055 1315580 1324200] on METTPL is 13.449
[1312580 1324200 1315580 1330920] on METTPL is 12.095
[1312580 1099495 1315580 1198055] on METTPL is 14.184
[1312580 1197215 1315580 1198895] on VIATPL is 14.122
[1314080 1197215 1458940 1198895] on METTP is 14.122
[1458940 1197215 1465660 1198895] on METTP is 13.839
[1452220 1197215 1465660 1198895] on VIATPL is 13.839
[1452220 1099495 1465660 1198055] on METTPL is 13.907
[1452220 1198055 1465660 1324200] on METTPL is 13.706
[1452220 1324200 1465660 1330920] on METTPL is 13.343
[1452220 1317480 1465660 1330920] on VIATPL is 13.343
[1458940 1317480 1465660 1330920] on METTP is 13.307
[1452220 1000935 1465660 1099495] on METTPL is 14.028
[1452220 1098655 1465660 1100335] on VIATPL is 14.04
[1458940 1098655 1465660 1100335] on METTP is 14.04
[1314080 1098655 1458940 1100335] on METTP is 14.708
[1312580 1098655 1315580 1100335] on VIATPL is 14.708
[1312580 1000935 1315580 1099495] on METTPL is 14.666
[1312580 911335 1315580 1000935] on METTPL is 14.9
[1312580 1000095 1315580 1001775] on VIATPL is 15.133
[1314080 1000095 1458940 1001775] on METTP is 15.133
[1458940 1000095 1465660 1001775] on METTP is 14.169
[1452220 1000095 1465660 1001775] on VIATPL is 14.169
[1452220 911335 1465660 1000935] on METTPL is 14.059
[1452220 812775 1465660 911335] on METTPL is 14.059
[1452220 910495 1465660 912175] on VIATPL is 14.205
[1458940 910495 1465660 912175] on METTP is 14.205
[1314080 910495 1458940 912175] on METTP is 15.359
[1312580 910495 1315580 912175] on VIATPL is 15.359
[1312580 812775 1315580 911335] on METTPL is 14.936
[1312580 714215 1315580 812775] on METTPL is 14.936
[1312580 811935 1315580 813615] on VIATPL is 15.433
[1314080 811935 1458940 813615] on METTP is 15.433
[1458940 811935 1465660 813615] on METTP is 14.159
[1452220 811935 1465660 813615] on VIATPL is 14.159
[1452220 714215 1465660 812775] on METTPL is 14.002
[1452220 615655 1465660 714215] on METTPL is 13.849
[1452220 713375 1465660 715055] on VIATPL is 14.007
[1458940 713375 1465660 715055] on METTP is 14.007
[1314080 713375 1458940 715055] on METTP is 15.252
[1312580 713375 1315580 715055] on VIATPL is 15.252
[1312580 615655 1315580 714215] on METTPL is 14.732
[1312580 517095 1315580 615655] on METTPL is 14.277
[1312580 614815 1315580 616495] on VIATPL is 14.823
[1314080 614815 1458940 616495] on METTP is 14.823
[1458940 614815 1465660 616495] on METTP is 13.749
[1452220 614815 1465660 616495] on VIATPL is 13.749
[1452220 517095 1465660 615655] on METTPL is 13.598
[1452220 418535 1465660 517095] on METTPL is 13.255
[1452220 516255 1465660 517935] on VIATPL is 13.394
[1458940 516255 1465660 517935] on METTP is 13.394
[1314080 516255 1458940 517935] on METTP is 14.149
[1312580 516255 1315580 517935] on VIATPL is 14.149
[1312580 418535 1315580 517095] on METTPL is 13.561
[1312580 319975 1315580 418535] on METTPL is 12.561
[1312580 417695 1315580 419375] on VIATPL is 13.188
[1314080 417695 1458940 419375] on METTP is 13.188
[1207680 417695 1314080 419375] on METTP is 13.188
[1206180 417695 1209180 419375] on VIATPL is 12.023
[1206180 319975 1209180 418535] on METTPL is 11.002
[1206180 195240 1209180 319975] on METTPL is 9.166
[1206180 319135 1209180 320815] on VIATPL is 10.475
[1207680 319135 1314080 320815] on METTP is 12.054
[1095680 319135 1207680 320815] on METTP is 10.475
[1094180 319135 1097180 320815] on VIATPL is 9.431
[1094180 195240 1097180 319975] on METTPL is 8.115
[1094180 188520 1097180 195240] on METTPL is 5.122
[1094180 188520 1097180 201960] on VIATPL is 5.122
[1095680 188520 1156380 201960] on METTP is 4.744
[989280 188520 1095680 201960] on METTP is 5.659
[877280 188520 989280 201960] on METTP is 5.659
[987780 188520 990780 201960] on VIATPL is 5.923
[987780 188520 990780 195240] on METTPL is 5.923
[770880 188520 877280 201960] on METTP is 5.374
[875780 188520 878780 201960] on VIATPL is 5.587
[875780 188520 878780 195240] on METTPL is 5.587
[686380 188520 770880 201960] on METTP is 4.115
[769380 188520 772380 201960] on VIATPL is 4.362
[769380 188520 772380 195240] on METTPL is 4.362
[658880 188520 686380 201960] on METTP is 2.915
[683900 188520 688860 201960] on VIATPL is 2.217
[683900 159770 688860 195240] on METTPL is 1.595
[683900 195240 688860 201960] on METTPL is 1.595
[683900 159540 688860 159770] on METTPL is 10.278e-3
[683900 159540 688860 160000] on VIATPL is 10.278e-3
[683900 159540 688860 160000] on VIATP is 10.278e-3
[683900 159540 688860 160000] on VIA3 is 10.278e-3
[683900 159540 688860 160000] on VIA2 is 10.278e-3
[683900 159540 688860 160000] on VIA1 is 10.278e-3
[686380 159540 688860 160000] on MET1 is 10.278e-3
[683900 159540 686380 160000] on MET1 is 10.278e-3
[552480 188520 658880 201960] on METTP is 4.321
[657380 188520 660380 201960] on VIATPL is 3.201
[657380 188520 660380 195240] on METTPL is 3.201
[550980 188520 553980 201960] on VIATPL is 4.511
[550980 188520 553980 195240] on METTPL is 4.511
[1156380 188520 1207680 201960] on METTP is 5.651
[1153900 188520 1158860 201960] on VIATPL is 3.274
[1153900 159770 1158860 195240] on METTPL is 2.355
[1153900 195240 1158860 201960] on METTPL is 2.355
[1153900 159540 1158860 159770] on METTPL is 15.173e-3
[1153900 159540 1158860 160000] on VIATPL is 15.173e-3
[1153900 159540 1158860 160000] on VIATP is 15.173e-3
[1153900 159540 1158860 160000] on VIA3 is 15.173e-3
[1153900 159540 1158860 160000] on VIA2 is 15.173e-3
[1153900 159540 1158860 160000] on VIA1 is 15.173e-3
[1156380 159540 1158860 160000] on MET1 is 15.173e-3
[1153900 159540 1156380 160000] on MET1 is 15.173e-3
[1207680 188520 1314080 201960] on METTP is 8.856
[1206180 188520 1209180 201960] on VIATPL is 6.045
[1206180 188520 1209180 195240] on METTPL is 6.045
[1314080 188520 1458940 201960] on METTP is 11.536
[1312580 188520 1315580 201960] on VIATPL is 9.125
[1312580 188520 1315580 195240] on METTPL is 9.125
[1312580 195240 1315580 319975] on METTPL is 11.258
[1312580 319135 1315580 320815] on VIATPL is 12.054
[1314080 319135 1458940 320815] on METTP is 12.432
[1458940 319135 1465660 320815] on METTP is 12.432
[1452220 319135 1465660 320815] on VIATPL is 12.432
[1452220 195240 1465660 319975] on METTPL is 12.325
[1452220 319975 1465660 418535] on METTPL is 12.827
[1452220 417695 1465660 419375] on VIATPL is 12.945
[1458940 417695 1465660 419375] on METTP is 12.945
[1452220 188520 1465660 195240] on METTPL is 11.607
[1452220 188520 1465660 201960] on VIATPL is 11.607
[1458940 188520 1465660 201960] on METTP is 11.536
