/mnt/vol_NFS_Zener/tools/synopsys/apps/syn2/N-2017.09-SP4/auxx/gui/dv/dv_setup.tcl
/mnt/vol_NFS_Zener/tools/synopsys/apps/syn2/N-2017.09-SP4/auxx/gui/syn/snpsSynProcs.tcl
/mnt/vol_NFS_Zener/tools/synopsys/apps/syn2/N-2017.09-SP4/auxx/gui/syn/layout/pkgIndex.tcl
/mnt/vol_NFS_Zener/tools/synopsys/apps/syn2/N-2017.09-SP4/auxx/gui/common/tq/pkgIndex.tcl
/mnt/vol_NFS_Zener/tools/synopsys/apps/syn2/N-2017.09-SP4/auxx/gui/common/docBrowser/pkgIndex.tcl
/mnt/vol_NFS_Zener/tools/synopsys/apps/syn2/N-2017.09-SP4/auxx/gui/common/qtcl/pkgIndex.tcl
/mnt/vol_NFS_Zener/tools/synopsys/apps/syn2/N-2017.09-SP4/auxx/gui/common/profiler/pkgIndex.tcl
/mnt/vol_NFS_Zener/tools/synopsys/apps/syn2/N-2017.09-SP4/auxx/gui/common/highlight/pkgIndex.tcl
/mnt/vol_NFS_Zener/tools/synopsys/apps/syn2/N-2017.09-SP4/auxx/gui/common/tiledview/pkgIndex.tcl
/mnt/vol_NFS_Zener/tools/synopsys/apps/syn2/N-2017.09-SP4/auxx/gui/common/mrupalette/pkgIndex.tcl
/mnt/vol_NFS_Zener/tools/synopsys/apps/syn2/N-2017.09-SP4/auxx/gui/common/histogram/pkgIndex.tcl
/mnt/vol_NFS_Zener/tools/synopsys/apps/syn2/N-2017.09-SP4/auxx/gui/common/palettegroup/pkgIndex.tcl
/mnt/vol_NFS_Zener/tools/synopsys/apps/syn2/N-2017.09-SP4/auxx/gui/common/layout/pkgIndex.tcl
/mnt/vol_NFS_Zener/tools/synopsys/apps/syn2/N-2017.09-SP4/auxx/gui/common/select/pkgIndex.tcl
/mnt/vol_NFS_Zener/tools/synopsys/apps/syn2/N-2017.09-SP4/auxx/gui/common/pathinspector/pkgIndex.tcl
/mnt/vol_NFS_Zener/tools/synopsys/apps/syn2/N-2017.09-SP4/auxx/gui/common/regressionToolkit/pkgIndex.tcl
/mnt/vol_NFS_Zener/tools/synopsys/apps/syn2/N-2017.09-SP4/auxx/gui/common/fanoutviewer/pkgIndex.tcl
/mnt/vol_NFS_Zener/tools/synopsys/apps/syn2/N-2017.09-SP4/auxx/gui/common/table/pkgIndex.tcl
/mnt/vol_NFS_Zener/tools/synopsys/apps/syn2/N-2017.09-SP4/auxx/gui/common/opdlg/pkgIndex.tcl
/mnt/vol_NFS_Zener/tools/synopsys/apps/syn2/N-2017.09-SP4/auxx/gui/common/timing/pkgIndex.tcl
/mnt/vol_NFS_Zener/tools/synopsys/apps/syn2/N-2017.09-SP4/auxx/gui/common/acg/pkgIndex.tcl
/mnt/vol_NFS_Zener/tools/synopsys/apps/syn2/N-2017.09-SP4/auxx/gui/common/strokes/pkgIndex.tcl
/mnt/vol_NFS_Zener/tools/synopsys/apps/syn2/N-2017.09-SP4/auxx/gui/common/libviewer/pkgIndex.tcl
/mnt/vol_NFS_Zener/tools/synopsys/apps/syn2/N-2017.09-SP4/auxx/gui/common/menus/pkgIndex.tcl
/mnt/vol_NFS_Zener/tools/synopsys/apps/syn2/N-2017.09-SP4/auxx/gui/common/view/pkgIndex.tcl
/mnt/vol_NFS_Zener/tools/synopsys/apps/syn2/N-2017.09-SP4/auxx/gui/common/commandform/pkgIndex.tcl
/mnt/vol_NFS_Zener/tools/synopsys/apps/syn2/N-2017.09-SP4/auxx/gui/common/WindowFrameWork/pkgIndex.tcl
/mnt/vol_NFS_Zener/tools/synopsys/apps/syn2/N-2017.09-SP4/auxx/gui/common/schematic/pkgIndex.tcl
/mnt/vol_NFS_Zener/tools/synopsys/apps/syn2/N-2017.09-SP4/auxx/gui/common/misc/pkgIndex.tcl
/mnt/vol_NFS_Zener/tools/synopsys/apps/syn2/N-2017.09-SP4/auxx/gui/common/tcl-dp/pkgIndex.tcl
/mnt/vol_NFS_Zener/tools/synopsys/apps/syn2/N-2017.09-SP4/auxx/gui/common/dialogs/pkgIndex.tcl
/mnt/vol_NFS_Zener/tools/synopsys/apps/syn2/N-2017.09-SP4/auxx/gui/common/setup/pkgIndex.tcl
/mnt/vol_NFS_Zener/tools/synopsys/apps/syn2/N-2017.09-SP4/auxx/gui/common/hierarchy/pkgIndex.tcl
/mnt/vol_NFS_Zener/tools/synopsys/apps/syn2/N-2017.09-SP4/auxx/gui/dv/pkgIndex.tcl
/mnt/vol_NFS_Zener/tools/synopsys/apps/syn2/N-2017.09-SP4/auxx/syn/lib/pkgIndex.tcl
/mnt/vol_NFS_Zener/tools/synopsys/apps/syn2/N-2017.09-SP4/auxx/tcllib/lib/iwidgets4.1/pkgIndex.tcl
/mnt/vol_NFS_Zener/tools/synopsys/apps/syn2/N-2017.09-SP4/auxx/tcllib/snps_tcl/snpsTclPro/pkgIndex.tcl
/mnt/vol_NFS_Zener/tools/synopsys/apps/syn2/N-2017.09-SP4/auxx/tcllib/snps_tcl/snpsTest/pkgIndex.tcl
/mnt/vol_NFS_Zener/tools/synopsys/apps/syn2/N-2017.09-SP4/auxx/tcllib/snps_tcl/snpsUtils/pkgIndex.tcl
/mnt/vol_NFS_Zener/tools/synopsys/apps/syn2/N-2017.09-SP4/auxx/tcllib/snps_tcl/pkgIndex.tcl
/mnt/vol_NFS_Zener/tools/synopsys/apps/syn2/N-2017.09-SP4/auxx/tcllib/lib/tcl8.6/reg/pkgIndex.tcl
/mnt/vol_NFS_Zener/tools/synopsys/apps/syn2/N-2017.09-SP4/auxx/tcllib/lib/tcl8.6/dde/pkgIndex.tcl
/mnt/vol_NFS_Zener/tools/synopsys/apps/syn2/N-2017.09-SP4/auxx/tcllib/lib/tcl8.6/platform/pkgIndex.tcl
/mnt/vol_NFS_Zener/tools/synopsys/apps/syn2/N-2017.09-SP4/auxx/tcllib/lib/tcl8.6/tcltest/pkgIndex.tcl
/mnt/vol_NFS_Zener/tools/synopsys/apps/syn2/N-2017.09-SP4/auxx/tcllib/lib/tcl8.6/http/pkgIndex.tcl
/mnt/vol_NFS_Zener/tools/synopsys/apps/syn2/N-2017.09-SP4/auxx/tcllib/lib/tcl8.6/msgcat/pkgIndex.tcl
/mnt/vol_NFS_Zener/tools/synopsys/apps/syn2/N-2017.09-SP4/auxx/tcllib/lib/tcl8.6/http1.0/pkgIndex.tcl
/mnt/vol_NFS_Zener/tools/synopsys/apps/syn2/N-2017.09-SP4/auxx/tcllib/lib/tcl8.6/opt/pkgIndex.tcl
/mnt/vol_NFS_Zener/tools/synopsys/apps/syn2/N-2017.09-SP4/auxx/gui/common/setup/snpsCommonSetup.tcl
/mnt/vol_NFS_Zener/tools/synopsys/apps/syn2/N-2017.09-SP4/auxx/gui/common/setup/snpsCustomize.tcl
/mnt/vol_NFS_Zener/tools/synopsys/apps/syn2/N-2017.09-SP4/auxx/gui/common/setup/snpsProcheck.tcl
/mnt/vol_NFS_Zener/tools/synopsys/apps/syn2/N-2017.09-SP4/auxx/gui/common/qtcl/.synopsys_qtcl.tcl
/mnt/vol_NFS_Zener/tools/synopsys/apps/syn2/N-2017.09-SP4/auxx/gui/common/highlight/highlight.tcl
/mnt/vol_NFS_Zener/tools/synopsys/apps/syn2/N-2017.09-SP4/auxx/gui/common/misc/base.tcl
/mnt/vol_NFS_Zener/tools/synopsys/apps/syn2/N-2017.09-SP4/auxx/gui/common/misc/timing.tcl
/mnt/vol_NFS_Zener/tools/synopsys/apps/syn2/N-2017.09-SP4/auxx/gui/common/misc/setting.tcl
/mnt/vol_NFS_Zener/tools/synopsys/apps/syn2/N-2017.09-SP4/auxx/gui/common/misc/preset.tcl
/mnt/vol_NFS_Zener/tools/synopsys/apps/syn2/N-2017.09-SP4/auxx/gui/common/WindowFrameWork/windowFrameWork.tcl
/mnt/vol_NFS_Zener/tools/synopsys/apps/syn2/N-2017.09-SP4/auxx/gui/common/WindowFrameWork/skipBusyCursorCmdList.tcl
/mnt/vol_NFS_Zener/tools/synopsys/apps/syn2/N-2017.09-SP4/auxx/gui/common/docBrowser/docBrowser.tcl
/mnt/vol_NFS_Zener/tools/synopsys/apps/syn2/N-2017.09-SP4/auxx/tcllib/snps_tcl/snpsUtils/snpsUtils.tcl
/mnt/vol_NFS_Zener/tools/synopsys/apps/syn2/N-2017.09-SP4/auxx/gui/common/dialogs/ObjectChooser.tcl
/mnt/vol_NFS_Zener/tools/synopsys/apps/syn2/N-2017.09-SP4/auxx/gui/common/misc/DialogObjectChooser.tcl
/mnt/vol_NFS_Zener/tools/synopsys/apps/syn2/N-2017.09-SP4/auxx/gui/common/dialogs/HistBinInformation.tcl
/mnt/vol_NFS_Zener/tools/synopsys/apps/syn2/N-2017.09-SP4/auxx/gui/common/dialogs/HistBin1Information.tcl
/mnt/vol_NFS_Zener/tools/synopsys/apps/syn2/N-2017.09-SP4/auxx/gui/common/dialogs/BinsOnlyInformation.tcl
/mnt/vol_NFS_Zener/tools/synopsys/apps/syn2/N-2017.09-SP4/auxx/gui/common/dialogs/FileChooser.tcl
/mnt/vol_NFS_Zener/tools/synopsys/apps/syn2/N-2017.09-SP4/auxx/gui/common/dialogs/PathPinSimpleInfo.tcl
/mnt/vol_NFS_Zener/tools/synopsys/apps/syn2/N-2017.09-SP4/auxx/gui/common/dialogs/PathsBasicInfo.tcl
/mnt/vol_NFS_Zener/tools/synopsys/apps/syn2/N-2017.09-SP4/auxx/gui/common/dialogs/PathsBasicSimpleInfo.tcl
/mnt/vol_NFS_Zener/tools/synopsys/apps/syn2/N-2017.09-SP4/auxx/gui/common/dialogs/SlctOperationInfo.tcl
/mnt/vol_NFS_Zener/tools/synopsys/apps/syn2/N-2017.09-SP4/auxx/gui/common/dialogs/ObjectListInfo.tcl
/mnt/vol_NFS_Zener/tools/synopsys/apps/syn2/N-2017.09-SP4/auxx/gui/common/dialogs/FanInOutInfo.tcl
/mnt/vol_NFS_Zener/tools/synopsys/apps/syn2/N-2017.09-SP4/auxx/gui/common/dialogs/NumberOfLevelsChooser.tcl
/mnt/vol_NFS_Zener/tools/synopsys/apps/syn2/N-2017.09-SP4/auxx/gui/common/dialogs/WindowReuseInfo.tcl
/mnt/vol_NFS_Zener/tools/synopsys/apps/syn2/N-2017.09-SP4/auxx/gui/common/dialogs/ReportOutputOptionInfo.tcl
/mnt/vol_NFS_Zener/tools/synopsys/apps/syn2/N-2017.09-SP4/auxx/gui/common/setup/snpsCollections.tcl
/mnt/vol_NFS_Zener/tools/synopsys/apps/syn2/N-2017.09-SP4/auxx/gui/common/dialogs/CompileLinkDesign.tcl
/mnt/vol_NFS_Zener/tools/synopsys/apps/syn2/N-2017.09-SP4/auxx/gui/common/histogram/DialogEndpointSlack.tcl
/mnt/vol_NFS_Zener/tools/synopsys/apps/syn2/N-2017.09-SP4/auxx/gui/common/histogram/DialogPathsSlack.tcl
/mnt/vol_NFS_Zener/tools/synopsys/apps/syn2/N-2017.09-SP4/auxx/gui/common/histogram/DialogNetCapacitance.tcl
/mnt/vol_NFS_Zener/tools/synopsys/apps/syn2/N-2017.09-SP4/auxx/gui/common/schematic/DialogPathSchematicFanInOut.tcl
/mnt/vol_NFS_Zener/tools/synopsys/apps/syn2/N-2017.09-SP4/auxx/gui/common/schematic/DialogPathSchematicAddPaths.tcl
/mnt/vol_NFS_Zener/tools/synopsys/apps/syn2/N-2017.09-SP4/auxx/gui/common/layout/preferences.tcl
/mnt/vol_NFS_Zener/WD_ESPEC/rgarcia/GIT/TEC_RISCV/TOP_PHY_PR/front_end/scripts/run_all.tcl
/mnt/vol_NFS_Zener/WD_ESPEC/rgarcia/GIT/TEC_RISCV/TOP_PHY_PR/common_setup_typ_no_hv.tcl
/mnt/vol_NFS_Zener/WD_ESPEC/rgarcia/GIT/TEC_RISCV/TOP_PHY_PR/user_setup.tcl
/mnt/vol_NFS_Zener/WD_ESPEC/rgarcia/GIT/TEC_RISCV/TOP_PHY_PR/front_end/scripts/dc_setup.tcl
/mnt/vol_NFS_Zener/WD_ESPEC/rgarcia/GIT/TEC_RISCV/TOP_PHY_PR/front_end/scripts/analyze_rtl_lv.tcl
/mnt/vol_NFS_Zener/WD_ESPEC/rgarcia/GIT/TEC_RISCV/TOP_PHY_PR/front_end/scripts/crear_mw.tcl
/mnt/vol_NFS_Zener/WD_ESPEC/rgarcia/GIT/TEC_RISCV/TOP_PHY_PR/front_end/libs/Tec_Riscv_pads.mw
/mnt/vol_NFS_Zener/tools/synopsys/pdks/xh018-ams/XFAB_snps_CustomDesigner_kit_v2_1_0/xh018/synopsys/v7_0/techMW/v7_0_1/xh018-synopsys-techMW-v7_0_1/xh018_xx43_HD_MET4_METMID_METTHK.tf
/mnt/vol_NFS_Zener/tools/synopsys/pdks/xh018-ams/XFAB_snps_CustomDesigner_kit_v2_1_0/xh018/diglibs/D_CELLS_HDLL/v2_1/synopsys_ICC/v2_1_0/xh018-D_CELLS_HDLL-synopsys_ICCompiler-v2_1_0/xh018_xx43_MET4_METMID_METTHK_D_CELLS_HDLL
/mnt/vol_NFS_Zener/tools/synopsys/pdks/xh018-ams/XFAB_snps_CustomDesigner_kit_v2_1_0/xh018/diglibs/IO_CELLS_F3V/v2_1/synopsys_ICC/v2_1_0/xh018-IO_CELLS_F3V-synopsys_ICCompiler-v2_1_0/xh018_xx43_MET4_METMID_METTHK_IO_CELLS_F3V
/mnt/vol_NFS_Zener/WD_ESPEC/rgarcia/GIT/TEC_RISCV/TOP_PHY_PR/back_end/db/XSPRAMLP_2048X32_M8P_UPF_typ_1_80V_25C.mw
/mnt/vol_NFS_Zener/WD_ESPEC/rgarcia/GIT/TEC_RISCV/TOP_PHY_PR/front_end/libs/Tec_Riscv_pads.mw
/mnt/vol_NFS_Zener/tools/synopsys/pdks/xh018-ams/XFAB_snps_CustomDesigner_kit_v2_1_0/xh018/diglibs/D_CELLS_HDLL/v2_1/synopsys_ICC/v2_1_0/xh018-D_CELLS_HDLL-synopsys_ICCompiler-v2_1_0/xh018_xx43_MET4_METMID_METTHK_D_CELLS_HDLL
/mnt/vol_NFS_Zener/tools/synopsys/pdks/xh018-ams/XFAB_snps_CustomDesigner_kit_v2_1_0/xh018/diglibs/IO_CELLS_F3V/v2_1/synopsys_ICC/v2_1_0/xh018-IO_CELLS_F3V-synopsys_ICCompiler-v2_1_0/xh018_xx43_MET4_METMID_METTHK_IO_CELLS_F3V
/mnt/vol_NFS_Zener/WD_ESPEC/rgarcia/GIT/TEC_RISCV/TOP_PHY_PR/back_end/db/XSPRAMLP_2048X32_M8P_UPF_typ_1_80V_25C.mw
/mnt/vol_NFS_Zener/tools/synopsys/pdks/xh018-ams/XFAB_snps_CustomDesigner_kit_v2_1_0/xh018/synopsys/v7_1/TLUplus/v7_1_1/xh018_xx43_MET4_METMID_METTHK_max.tlu
/mnt/vol_NFS_Zener/tools/synopsys/pdks/xh018-ams/XFAB_snps_CustomDesigner_kit_v2_1_0/xh018/synopsys/v7_1/TLUplus/v7_1_1/xh018_xx43_MET4_METMID_METTHK_min.tlu
/mnt/vol_NFS_Zener/tools/synopsys/pdks/xh018-ams/XFAB_snps_CustomDesigner_kit_v2_1_0/xh018/synopsys/v7_1/TLUplus/v7_1_1/xh018_xx43_MET4_METMID_METTHK.map
/mnt/vol_NFS_Zener/tools/synopsys/pdks/xh018-ams/XFAB_snps_CustomDesigner_kit_v2_1_0/xh018/diglibs/D_CELLS_HDLL/v2_1/liberty_LPMOS/v2_1_0/PVT_1_80V_range/D_CELLS_HDLL_LPMOS_typ_1_80V_25C.db
/mnt/vol_NFS_Zener/tools/synopsys/pdks/xh018-ams/XFAB_snps_CustomDesigner_kit_v2_1_0/xh018/diglibs/IO_CELLS_F3V/v2_1/liberty_UPF_LPMOS/v2_1_0/PVT_1_80V_3_30V_range/IO_CELLS_F3V_LPMOS_UPF_typ_1_80V_3_30V_25C.db
/mnt/vol_NFS_Zener/WD_ESPEC/rgarcia/GIT/TEC_RISCV/TOP_PHY_PR/back_end/db/XSPRAMLP_2048X32_M8P_UPF_typ_1_80V_25C.db
/mnt/vol_NFS_Zener/tools/synopsys/pdks/xh018-ams/XFAB_snps_CustomDesigner_kit_v2_1_0/xh018/diglibs/D_CELLS_HDLL/v2_1/dc_shell_symb/v2_1_0/D_CELLS_HDLL.sdb
/mnt/vol_NFS_Zener/tools/synopsys/pdks/xh018-ams/XFAB_snps_CustomDesigner_kit_v2_1_0/xh018/diglibs/IO_CELLS_F3V/v2_1/dc_shell_symb/v2_1_0/IO_CELLS_F3V.sdb
/mnt/vol_NFS_Zener/tools/synopsys/apps/syn2/N-2017.09-SP4/libraries/syn/dw_foundation.sldb
/mnt/vol_NFS_Zener/tools/synopsys/apps/syn2/N-2017.09-SP4/libraries/syn/gtech.db
/mnt/vol_NFS_Zener/tools/synopsys/apps/syn2/N-2017.09-SP4/libraries/syn/standard.sldb
/mnt/vol_NFS_Zener/WD_ESPEC/rgarcia/GIT/TEC_RISCV/TOP_PHY_PR/front_end/source/TOP_PADS/top_riscv_tec_pads_lv.sv
/mnt/vol_NFS_Zener/WD_ESPEC/rgarcia/GIT/TEC_RISCV/TOP_PHY_PR/front_end/source/TOP/topcore_tecriscv.sv
/mnt/vol_NFS_Zener/WD_ESPEC/rgarcia/GIT/TEC_RISCV/TOP_PHY_PR/front_end/source/TOP/TecRiscv_top_CPU.sv
/mnt/vol_NFS_Zener/WD_ESPEC/rgarcia/GIT/TEC_RISCV/TOP_PHY_PR/front_end/source/BUS_Micro/Bus_Micro.sv
/mnt/vol_NFS_Zener/WD_ESPEC/rgarcia/GIT/TEC_RISCV/TOP_PHY_PR/front_end/source/BUS_Micro/Bus_Micro_lib.sv
/mnt/vol_NFS_Zener/WD_ESPEC/rgarcia/GIT/TEC_RISCV/TOP_PHY_PR/front_end/source/FIFO_Latches/fifo.sv
/mnt/vol_NFS_Zener/WD_ESPEC/rgarcia/GIT/TEC_RISCV/TOP_PHY_PR/front_end/source/DECO_INSTR/DECO_INSTR.sv
/mnt/vol_NFS_Zener/WD_ESPEC/rgarcia/GIT/TEC_RISCV/TOP_PHY_PR/front_end/source/ALU/ALU_2.sv
/mnt/vol_NFS_Zener/WD_ESPEC/rgarcia/GIT/TEC_RISCV/TOP_PHY_PR/front_end/source/ALU/ALU_Library.sv
/mnt/vol_NFS_Zener/WD_ESPEC/rgarcia/GIT/TEC_RISCV/TOP_PHY_PR/front_end/source/Register_File/Banco_de_registros_latches.v
/mnt/vol_NFS_Zener/WD_ESPEC/rgarcia/GIT/TEC_RISCV/TOP_PHY_PR/front_end/source/Register_File/Biblioteca.v
/mnt/vol_NFS_Zener/WD_ESPEC/rgarcia/GIT/TEC_RISCV/TOP_PHY_PR/front_end/source/MBC/MBC.sv
/mnt/vol_NFS_Zener/WD_ESPEC/rgarcia/GIT/TEC_RISCV/TOP_PHY_PR/front_end/source/TOP/control.sv
/mnt/vol_NFS_Zener/WD_ESPEC/rgarcia/GIT/TEC_RISCV/TOP_PHY_PR/front_end/source/SPI/top_spi.sv
/mnt/vol_NFS_Zener/WD_ESPEC/rgarcia/GIT/TEC_RISCV/TOP_PHY_PR/front_end/source/SPI/spi.sv
/mnt/vol_NFS_Zener/WD_ESPEC/rgarcia/GIT/TEC_RISCV/TOP_PHY_PR/front_end/source/UART/scrs/uart.sv
/mnt/vol_NFS_Zener/WD_ESPEC/rgarcia/GIT/TEC_RISCV/TOP_PHY_PR/front_end/source/UART/scrs/baud.sv
/mnt/vol_NFS_Zener/WD_ESPEC/rgarcia/GIT/TEC_RISCV/TOP_PHY_PR/front_end/source/UART/scrs/detector_flanco.sv
/mnt/vol_NFS_Zener/WD_ESPEC/rgarcia/GIT/TEC_RISCV/TOP_PHY_PR/front_end/source/UART/scrs/fifo_to_uart_reg.sv
/mnt/vol_NFS_Zener/WD_ESPEC/rgarcia/GIT/TEC_RISCV/TOP_PHY_PR/front_end/source/UART/scrs/log_ftu.sv
/mnt/vol_NFS_Zener/WD_ESPEC/rgarcia/GIT/TEC_RISCV/TOP_PHY_PR/front_end/source/UART/scrs/log_utf.sv
/mnt/vol_NFS_Zener/WD_ESPEC/rgarcia/GIT/TEC_RISCV/TOP_PHY_PR/front_end/source/UART/scrs/uart_to_fifo_reg.sv
/mnt/vol_NFS_Zener/WD_ESPEC/rgarcia/GIT/TEC_RISCV/TOP_PHY_PR/front_end/source/UART/scrs/u_rec.sv
/mnt/vol_NFS_Zener/WD_ESPEC/rgarcia/GIT/TEC_RISCV/TOP_PHY_PR/front_end/source/UART/scrs/u_xmit.sv
/mnt/vol_NFS_Zener/WD_ESPEC/rgarcia/GIT/TEC_RISCV/TOP_PHY_PR/front_end/source/TOP_PADS/pad_ring.sv
/mnt/vol_NFS_Zener/WD_ESPEC/rgarcia/GIT/TEC_RISCV/TOP_PHY_PR/front_end/source/TOP/topcore_tecriscv.sv
/mnt/vol_NFS_Zener/WD_ESPEC/rgarcia/GIT/TEC_RISCV/TOP_PHY_PR/front_end/source/TOP/TecRiscv_top_CPU.sv
/mnt/vol_NFS_Zener/WD_ESPEC/rgarcia/GIT/TEC_RISCV/TOP_PHY_PR/front_end/source/BUS_Micro/Bus_Micro.sv
/mnt/vol_NFS_Zener/WD_ESPEC/rgarcia/GIT/TEC_RISCV/TOP_PHY_PR/front_end/source/BUS_Micro/Bus_Micro_lib.sv
/mnt/vol_NFS_Zener/WD_ESPEC/rgarcia/GIT/TEC_RISCV/TOP_PHY_PR/front_end/source/FIFO_Latches/fifo.sv
/mnt/vol_NFS_Zener/WD_ESPEC/rgarcia/GIT/TEC_RISCV/TOP_PHY_PR/front_end/source/DECO_INSTR/DECO_INSTR.sv
/mnt/vol_NFS_Zener/WD_ESPEC/rgarcia/GIT/TEC_RISCV/TOP_PHY_PR/front_end/source/ALU/ALU_2.sv
/mnt/vol_NFS_Zener/WD_ESPEC/rgarcia/GIT/TEC_RISCV/TOP_PHY_PR/front_end/source/ALU/ALU_Library.sv
/mnt/vol_NFS_Zener/WD_ESPEC/rgarcia/GIT/TEC_RISCV/TOP_PHY_PR/front_end/source/Register_File/Banco_de_registros_latches.v
/mnt/vol_NFS_Zener/WD_ESPEC/rgarcia/GIT/TEC_RISCV/TOP_PHY_PR/front_end/source/Register_File/Biblioteca.v
/mnt/vol_NFS_Zener/WD_ESPEC/rgarcia/GIT/TEC_RISCV/TOP_PHY_PR/front_end/source/MBC/MBC.sv
/mnt/vol_NFS_Zener/WD_ESPEC/rgarcia/GIT/TEC_RISCV/TOP_PHY_PR/front_end/source/TOP/control.sv
/mnt/vol_NFS_Zener/WD_ESPEC/rgarcia/GIT/TEC_RISCV/TOP_PHY_PR/front_end/source/SPI/top_spi.sv
/mnt/vol_NFS_Zener/WD_ESPEC/rgarcia/GIT/TEC_RISCV/TOP_PHY_PR/front_end/source/SPI/spi.sv
/mnt/vol_NFS_Zener/WD_ESPEC/rgarcia/GIT/TEC_RISCV/TOP_PHY_PR/front_end/source/UART/scrs/uart.sv
/mnt/vol_NFS_Zener/WD_ESPEC/rgarcia/GIT/TEC_RISCV/TOP_PHY_PR/front_end/source/UART/scrs/baud.sv
/mnt/vol_NFS_Zener/WD_ESPEC/rgarcia/GIT/TEC_RISCV/TOP_PHY_PR/front_end/source/UART/scrs/detector_flanco.sv
/mnt/vol_NFS_Zener/WD_ESPEC/rgarcia/GIT/TEC_RISCV/TOP_PHY_PR/front_end/source/UART/scrs/fifo_to_uart_reg.sv
/mnt/vol_NFS_Zener/WD_ESPEC/rgarcia/GIT/TEC_RISCV/TOP_PHY_PR/front_end/source/UART/scrs/log_ftu.sv
/mnt/vol_NFS_Zener/WD_ESPEC/rgarcia/GIT/TEC_RISCV/TOP_PHY_PR/front_end/source/UART/scrs/log_utf.sv
/mnt/vol_NFS_Zener/WD_ESPEC/rgarcia/GIT/TEC_RISCV/TOP_PHY_PR/front_end/source/UART/scrs/uart_to_fifo_reg.sv
/mnt/vol_NFS_Zener/WD_ESPEC/rgarcia/GIT/TEC_RISCV/TOP_PHY_PR/front_end/source/UART/scrs/u_rec.sv
/mnt/vol_NFS_Zener/WD_ESPEC/rgarcia/GIT/TEC_RISCV/TOP_PHY_PR/front_end/source/UART/scrs/u_xmit.sv
/mnt/vol_NFS_Zener/WD_ESPEC/rgarcia/GIT/TEC_RISCV/TOP_PHY_PR/front_end/source/TOP_PADS/pad_ring.sv
/mnt/vol_NFS_Zener/WD_ESPEC/rgarcia/GIT/TEC_RISCV/TOP_PHY_PR/front_end/source/TOP_PADS/ucu_anlg.sv
/mnt/vol_NFS_Zener/WD_ESPEC/rgarcia/GIT/TEC_RISCV/TOP_PHY_PR/front_end/source/TOP_PADS/top_riscv_tec_pads.sv
/mnt/vol_NFS_Zener/WD_ESPEC/rgarcia/GIT/TEC_RISCV/TOP_PHY_PR/front_end/scripts/dc_syn_lv.tcl
/mnt/vol_NFS_Zener/WD_ESPEC/rgarcia/GIT/TEC_RISCV/TOP_PHY_PR/front_end/scripts/create_UPF_fab_no_hv.tcl
/mnt/vol_NFS_Zener/WD_ESPEC/rgarcia/GIT/TEC_RISCV/TOP_PHY_PR/front_end/scripts/Tec_Riscv_pads_constraints.tcl
/mnt/vol_NFS_Zener/tools/synopsys/pdks/xh018-ams/XFAB_snps_CustomDesigner_kit_v2_1_0/xh018/diglibs/D_CELLS_HDLL/v2_1/liberty_LPMOS/v2_1_0/PVT_1_80V_range/D_CELLS_HDLL_LPMOS_typ_1_80V_25C.db
/mnt/vol_NFS_Zener/WD_ESPEC/rgarcia/GIT/TEC_RISCV/TOP_PHY_PR/front_end/work/alib-52/D_CELLS_HDLL_LPMOS_typ_1_80V_25C.db.alib
/mnt/vol_NFS_Zener/tools/synopsys/pdks/xh018-ams/XFAB_snps_CustomDesigner_kit_v2_1_0/xh018/diglibs/IO_CELLS_F3V/v2_1/liberty_UPF_LPMOS/v2_1_0/PVT_1_80V_3_30V_range/IO_CELLS_F3V_LPMOS_UPF_typ_1_80V_3_30V_25C.db
/mnt/vol_NFS_Zener/WD_ESPEC/rgarcia/GIT/TEC_RISCV/TOP_PHY_PR/front_end/work/alib-52/IO_CELLS_F3V_LPMOS_UPF_typ_1_80V_3_30V_25C.db.alib
/mnt/vol_NFS_Zener/WD_ESPEC/rgarcia/GIT/TEC_RISCV/TOP_PHY_PR/back_end/db/XSPRAMLP_2048X32_M8P_UPF_typ_1_80V_25C.db
/mnt/vol_NFS_Zener/WD_ESPEC/rgarcia/GIT/TEC_RISCV/TOP_PHY_PR/front_end/work/alib-52/XSPRAMLP_2048X32_M8P_UPF_typ_1_80V_25C.db.alib
/mnt/vol_NFS_Zener/tools/synopsys/pdks/xh018-ams/XFAB_snps_CustomDesigner_kit_v2_1_0/xh018/diglibs/D_CELLS_HDLL/v2_1/liberty_LPMOS/v2_1_0/PVT_1_80V_range/D_CELLS_HDLL_LPMOS_typ_1_80V_25C.db
/mnt/vol_NFS_Zener/tools/synopsys/pdks/xh018-ams/XFAB_snps_CustomDesigner_kit_v2_1_0/xh018/diglibs/IO_CELLS_F3V/v2_1/liberty_UPF_LPMOS/v2_1_0/PVT_1_80V_3_30V_range/IO_CELLS_F3V_LPMOS_UPF_typ_1_80V_3_30V_25C.db
/mnt/vol_NFS_Zener/WD_ESPEC/rgarcia/GIT/TEC_RISCV/TOP_PHY_PR/back_end/db/XSPRAMLP_2048X32_M8P_UPF_typ_1_80V_25C.db
/mnt/vol_NFS_Zener/WD_ESPEC/rgarcia/GIT/TEC_RISCV/TOP_PHY_PR/front_end/work/alib-52/D_CELLS_HDLL_LPMOS_typ_1_80V_25C.db.alib
/mnt/vol_NFS_Zener/WD_ESPEC/rgarcia/GIT/TEC_RISCV/TOP_PHY_PR/front_end/work/alib-52/IO_CELLS_F3V_LPMOS_UPF_typ_1_80V_3_30V_25C.db.alib
/mnt/vol_NFS_Zener/WD_ESPEC/rgarcia/GIT/TEC_RISCV/TOP_PHY_PR/front_end/work/alib-52/XSPRAMLP_2048X32_M8P_UPF_typ_1_80V_25C.db.alib
/mnt/vol_NFS_Zener/tools/synopsys/pdks/xh018-ams/XFAB_snps_CustomDesigner_kit_v2_1_0/xh018/diglibs/D_CELLS_HDLL/v2_1/liberty_LPMOS/v2_1_0/PVT_1_80V_range/D_CELLS_HDLL_LPMOS_typ_1_80V_25C.db
/mnt/vol_NFS_Zener/tools/synopsys/pdks/xh018-ams/XFAB_snps_CustomDesigner_kit_v2_1_0/xh018/diglibs/IO_CELLS_F3V/v2_1/liberty_UPF_LPMOS/v2_1_0/PVT_1_80V_3_30V_range/IO_CELLS_F3V_LPMOS_UPF_typ_1_80V_3_30V_25C.db
/mnt/vol_NFS_Zener/WD_ESPEC/rgarcia/GIT/TEC_RISCV/TOP_PHY_PR/back_end/db/XSPRAMLP_2048X32_M8P_UPF_typ_1_80V_25C.db
/mnt/vol_NFS_Zener/tools/synopsys/pdks/xh018-ams/XFAB_snps_CustomDesigner_kit_v2_1_0/xh018/diglibs/D_CELLS_HDLL/v2_1/liberty_LPMOS/v2_1_0/PVT_1_80V_range/D_CELLS_HDLL_LPMOS_typ_1_80V_25C.db
/mnt/vol_NFS_Zener/tools/synopsys/pdks/xh018-ams/XFAB_snps_CustomDesigner_kit_v2_1_0/xh018/diglibs/IO_CELLS_F3V/v2_1/liberty_UPF_LPMOS/v2_1_0/PVT_1_80V_3_30V_range/IO_CELLS_F3V_LPMOS_UPF_typ_1_80V_3_30V_25C.db
/mnt/vol_NFS_Zener/WD_ESPEC/rgarcia/GIT/TEC_RISCV/TOP_PHY_PR/back_end/db/XSPRAMLP_2048X32_M8P_UPF_typ_1_80V_25C.db
/mnt/vol_NFS_Zener/WD_ESPEC/rgarcia/GIT/TEC_RISCV/TOP_PHY_PR/front_end/work/alib-52/D_CELLS_HDLL_LPMOS_typ_1_80V_25C.db.alib
/mnt/vol_NFS_Zener/WD_ESPEC/rgarcia/GIT/TEC_RISCV/TOP_PHY_PR/front_end/work/alib-52/IO_CELLS_F3V_LPMOS_UPF_typ_1_80V_3_30V_25C.db.alib
/mnt/vol_NFS_Zener/WD_ESPEC/rgarcia/GIT/TEC_RISCV/TOP_PHY_PR/front_end/work/alib-52/XSPRAMLP_2048X32_M8P_UPF_typ_1_80V_25C.db.alib
/mnt/vol_NFS_Zener/tools/synopsys/pdks/xh018-ams/XFAB_snps_CustomDesigner_kit_v2_1_0/xh018/diglibs/D_CELLS_HDLL/v2_1/liberty_LPMOS/v2_1_0/PVT_1_80V_range/D_CELLS_HDLL_LPMOS_typ_1_80V_25C.db
/mnt/vol_NFS_Zener/tools/synopsys/pdks/xh018-ams/XFAB_snps_CustomDesigner_kit_v2_1_0/xh018/diglibs/IO_CELLS_F3V/v2_1/liberty_UPF_LPMOS/v2_1_0/PVT_1_80V_3_30V_range/IO_CELLS_F3V_LPMOS_UPF_typ_1_80V_3_30V_25C.db
/mnt/vol_NFS_Zener/WD_ESPEC/rgarcia/GIT/TEC_RISCV/TOP_PHY_PR/back_end/db/XSPRAMLP_2048X32_M8P_UPF_typ_1_80V_25C.db
/mnt/vol_NFS_Zener/tools/synopsys/pdks/xh018-ams/XFAB_snps_CustomDesigner_kit_v2_1_0/xh018/diglibs/D_CELLS_HDLL/v2_1/liberty_LPMOS/v2_1_0/PVT_1_80V_range/D_CELLS_HDLL_LPMOS_typ_1_80V_25C.db
/mnt/vol_NFS_Zener/WD_ESPEC/rgarcia/GIT/TEC_RISCV/TOP_PHY_PR/front_end/work/alib-52/D_CELLS_HDLL_LPMOS_typ_1_80V_25C.db.alib
/mnt/vol_NFS_Zener/tools/synopsys/pdks/xh018-ams/XFAB_snps_CustomDesigner_kit_v2_1_0/xh018/diglibs/IO_CELLS_F3V/v2_1/liberty_UPF_LPMOS/v2_1_0/PVT_1_80V_3_30V_range/IO_CELLS_F3V_LPMOS_UPF_typ_1_80V_3_30V_25C.db
/mnt/vol_NFS_Zener/WD_ESPEC/rgarcia/GIT/TEC_RISCV/TOP_PHY_PR/front_end/work/alib-52/IO_CELLS_F3V_LPMOS_UPF_typ_1_80V_3_30V_25C.db.alib
/mnt/vol_NFS_Zener/WD_ESPEC/rgarcia/GIT/TEC_RISCV/TOP_PHY_PR/back_end/db/XSPRAMLP_2048X32_M8P_UPF_typ_1_80V_25C.db
/mnt/vol_NFS_Zener/WD_ESPEC/rgarcia/GIT/TEC_RISCV/TOP_PHY_PR/front_end/work/alib-52/XSPRAMLP_2048X32_M8P_UPF_typ_1_80V_25C.db.alib
/mnt/vol_NFS_Zener/tools/synopsys/pdks/xh018-ams/XFAB_snps_CustomDesigner_kit_v2_1_0/xh018/diglibs/D_CELLS_HDLL/v2_1/liberty_LPMOS/v2_1_0/PVT_1_80V_range/D_CELLS_HDLL_LPMOS_typ_1_80V_25C.db
/mnt/vol_NFS_Zener/tools/synopsys/pdks/xh018-ams/XFAB_snps_CustomDesigner_kit_v2_1_0/xh018/diglibs/IO_CELLS_F3V/v2_1/liberty_UPF_LPMOS/v2_1_0/PVT_1_80V_3_30V_range/IO_CELLS_F3V_LPMOS_UPF_typ_1_80V_3_30V_25C.db
/mnt/vol_NFS_Zener/WD_ESPEC/rgarcia/GIT/TEC_RISCV/TOP_PHY_PR/back_end/db/XSPRAMLP_2048X32_M8P_UPF_typ_1_80V_25C.db
/mnt/vol_NFS_Zener/WD_ESPEC/rgarcia/GIT/TEC_RISCV/TOP_PHY_PR/front_end/work/alib-52/D_CELLS_HDLL_LPMOS_typ_1_80V_25C.db.alib
/mnt/vol_NFS_Zener/WD_ESPEC/rgarcia/GIT/TEC_RISCV/TOP_PHY_PR/front_end/work/alib-52/IO_CELLS_F3V_LPMOS_UPF_typ_1_80V_3_30V_25C.db.alib
/mnt/vol_NFS_Zener/WD_ESPEC/rgarcia/GIT/TEC_RISCV/TOP_PHY_PR/front_end/work/alib-52/XSPRAMLP_2048X32_M8P_UPF_typ_1_80V_25C.db.alib
/mnt/vol_NFS_Zener/tools/synopsys/pdks/xh018-ams/XFAB_snps_CustomDesigner_kit_v2_1_0/xh018/diglibs/D_CELLS_HDLL/v2_1/liberty_LPMOS/v2_1_0/PVT_1_80V_range/D_CELLS_HDLL_LPMOS_typ_1_80V_25C.db
/mnt/vol_NFS_Zener/tools/synopsys/pdks/xh018-ams/XFAB_snps_CustomDesigner_kit_v2_1_0/xh018/diglibs/IO_CELLS_F3V/v2_1/liberty_UPF_LPMOS/v2_1_0/PVT_1_80V_3_30V_range/IO_CELLS_F3V_LPMOS_UPF_typ_1_80V_3_30V_25C.db
/mnt/vol_NFS_Zener/WD_ESPEC/rgarcia/GIT/TEC_RISCV/TOP_PHY_PR/back_end/db/XSPRAMLP_2048X32_M8P_UPF_typ_1_80V_25C.db
/mnt/vol_NFS_Zener/WD_ESPEC/rgarcia/GIT/TEC_RISCV/TOP_PHY_PR/front_end/work/alib-52/D_CELLS_HDLL_LPMOS_typ_1_80V_25C.db.alib
/mnt/vol_NFS_Zener/WD_ESPEC/rgarcia/GIT/TEC_RISCV/TOP_PHY_PR/front_end/work/alib-52/IO_CELLS_F3V_LPMOS_UPF_typ_1_80V_3_30V_25C.db.alib
/mnt/vol_NFS_Zener/WD_ESPEC/rgarcia/GIT/TEC_RISCV/TOP_PHY_PR/front_end/work/alib-52/XSPRAMLP_2048X32_M8P_UPF_typ_1_80V_25C.db.alib
/mnt/vol_NFS_Zener/tools/synopsys/pdks/xh018-ams/XFAB_snps_CustomDesigner_kit_v2_1_0/xh018/diglibs/D_CELLS_HDLL/v2_1/liberty_LPMOS/v2_1_0/PVT_1_80V_range/D_CELLS_HDLL_LPMOS_typ_1_80V_25C.db
/mnt/vol_NFS_Zener/tools/synopsys/pdks/xh018-ams/XFAB_snps_CustomDesigner_kit_v2_1_0/xh018/diglibs/IO_CELLS_F3V/v2_1/liberty_UPF_LPMOS/v2_1_0/PVT_1_80V_3_30V_range/IO_CELLS_F3V_LPMOS_UPF_typ_1_80V_3_30V_25C.db
/mnt/vol_NFS_Zener/WD_ESPEC/rgarcia/GIT/TEC_RISCV/TOP_PHY_PR/back_end/db/XSPRAMLP_2048X32_M8P_UPF_typ_1_80V_25C.db
/mnt/vol_NFS_Zener/WD_ESPEC/rgarcia/GIT/TEC_RISCV/TOP_PHY_PR/front_end/scripts/correct_pg_connections_lv.tcl
/mnt/vol_NFS_Zener/WD_ESPEC/rgarcia/GIT/TEC_RISCV/TOP_PHY_PR/front_end/db/Tec_Riscv_pads_upf.upf
