 
****************************************
Report : timing
        -path full_clock
        -delay max
        -physical
        -derate
        -input_pins
        -nets
        -max_paths 1
        -transition_time
        -crosstalk_delta
        -capacitance
Design : top_riscv_tec_pads
Version: N-2017.09-SP4
Date   : Tue Oct  2 12:49:06 2018
****************************************

Information: Some cells in the design are using inferred operating conditions.

  Startpoint: top_riscv_soc/TOP/Reg_file/Reg_csr/Regsitrio_GPIO_1__rf11_latch_GPIO/q_reg
              (positive level-sensitive latch clocked by CLK)
  Endpoint: top_riscv_soc/TOP/pc_reg_12_
            (rising edge-triggered flip-flop clocked by CLK')
  Path Group: CLK
  Path Type: max

Attributes:
    d - dont_touch
    u - dont_use
   mo - map_only
   so - size_only
    i - ideal_net or ideal_network
   ao - always_on

  Point                                       Fanout       Cap     DTran     Trans     Delta     Derate      Incr       Path      Location / Load        Attributes     Voltage
  ---------------------------------------------------------------------------------------------------------------------------------------------------------------------------
  clock CLK (rise edge)                                                                                     0.000      0.000                                            
  clock network delay (ideal)                                                                               1.000      1.000                                            
  time given to startpoint                                                                                 24.498     25.498                                            
  top_riscv_soc/TOP/Reg_file/Reg_csr/Regsitrio_GPIO_1__rf11_latch_GPIO/q_reg/D (DLHRQHDLLX1)
                                                                   0.000     0.120     0.000                0.000     25.498 f    (NO LOCATION)                         1.80
  top_riscv_soc/TOP/Reg_file/Reg_csr/Regsitrio_GPIO_1__rf11_latch_GPIO/q_reg/Q (DLHRQHDLLX1)
                                                                             0.121                          0.508     26.006 f    (NO LOCATION)                         1.80
  top_riscv_soc/TOP/Reg_file/Reg_csr/Regsitrio_GPIO_1__rf11_latch_GPIO/q (net)
                                                2        0.014                                              0.000     26.006 f    [0.00,0.01]                           
  top_riscv_soc/TOP/Reg_file/Reg_csr/Regsitrio_GPIO_1__rf11_latch_GPIO/q (latch_282)                        0.000     26.006 f    (netlink)                             
  top_riscv_soc/TOP/Reg_file/Reg_csr/Q_GPIO[1] (net)     0.014                                              0.000     26.006 f    [0.00,0.01]                           
  top_riscv_soc/TOP/Reg_file/Reg_csr/Regsitrio_GPIO_1__rf11_tristategate_lectura_normal/input_x (tristategate_358)
                                                                                                            0.000     26.006 f    (netlink)                             
  top_riscv_soc/TOP/Reg_file/Reg_csr/Regsitrio_GPIO_1__rf11_tristategate_lectura_normal/input_x (net)
                                                         0.014                                              0.000     26.006 f    [0.00,0.01]                           
  top_riscv_soc/TOP/Reg_file/Reg_csr/Regsitrio_GPIO_1__rf11_tristategate_lectura_normal/output_x_tri/A (BTHHDLLX2)
                                                                   0.000     0.121     0.000                0.000     26.006 f    (NO LOCATION)                         1.80
  top_riscv_soc/TOP/Reg_file/Reg_csr/Regsitrio_GPIO_1__rf11_tristategate_lectura_normal/output_x_tri/Q (BTHHDLLX2)
                                                                             0.290                          0.575     26.581 f    (NO LOCATION)                         1.80
  top_riscv_soc/TOP/Reg_file/Reg_csr/Regsitrio_GPIO_1__rf11_tristategate_lectura_normal/output_x (net)
                                                3        0.082                                              0.000     26.581 f    [0.01,0.08]                           
  top_riscv_soc/TOP/Reg_file/Reg_csr/Regsitrio_GPIO_1__rf11_tristategate_lectura_normal/output_x (tristategate_358)
                                                                                                            0.000     26.581 f    (netlink)                             
  top_riscv_soc/TOP/Reg_file/Reg_csr/Dout1[1] (net)      0.082                                              0.000     26.581 f    [0.01,0.08]                           
  top_riscv_soc/TOP/Reg_file/Reg_csr/Dout1[1] (csr_file_width32_number_reg12)                               0.000     26.581 f    (netlink)                             
  top_riscv_soc/TOP/Reg_file/CSR[1] (net)                0.082                                              0.000     26.581 f    [0.01,0.08]                           
  top_riscv_soc/TOP/Reg_file/CSR[1] (Banco_registros_latches)                                               0.000     26.581 f    (netlink)                             
  top_riscv_soc/TOP/CSR[1] (net)                         0.082                                              0.000     26.581 f    [0.01,0.08]                           
  top_riscv_soc/TOP/U480/C (AO222HDLLX1)                           0.000     0.290     0.000                0.001     26.582 f    (NO LOCATION)                         1.80
  top_riscv_soc/TOP/U480/Q (AO222HDLLX1)                                     0.453                          1.246     27.828 f    (NO LOCATION)                         1.80
  top_riscv_soc/TOP/alu_b[1] (net)             14        0.105                                              0.000     27.828 f    [0.01,0.10]                           
  top_riscv_soc/TOP/Alu/B[1] (ALU_2_bits_size32_cntrl_size4)                                                0.000     27.828 f    (netlink)                             
  top_riscv_soc/TOP/Alu/B[1] (net)                       0.105                                              0.000     27.828 f    [0.01,0.10]                           
  top_riscv_soc/TOP/Alu/inst_BS/B[1] (Barrel_Shifter)                                                       0.000     27.828 f    (netlink)                             
  top_riscv_soc/TOP/Alu/inst_BS/B[1] (net)               0.105                                              0.000     27.828 f    [0.01,0.10]                           
  top_riscv_soc/TOP/Alu/inst_BS/U8/B (NO2HDLLX1)                   0.000     0.453     0.000                0.000     27.828 f    (NO LOCATION)                         1.80
  top_riscv_soc/TOP/Alu/inst_BS/U8/Q (NO2HDLLX1)                             0.713                          0.683     28.511 r    (NO LOCATION)                         1.80
  top_riscv_soc/TOP/Alu/inst_BS/n50 (net)       5        0.042                                              0.000     28.511 r    [0.01,0.04]                           
  top_riscv_soc/TOP/Alu/inst_BS/U15/A (INHDLLX1)                   0.000     0.713     0.000                0.000     28.511 r    (NO LOCATION)                         1.80
  top_riscv_soc/TOP/Alu/inst_BS/U15/Q (INHDLLX1)                             0.282                          0.349     28.860 f    (NO LOCATION)                         1.80
  top_riscv_soc/TOP/Alu/inst_BS/n78 (net)       4        0.030                                              0.000     28.860 f    [0.01,0.03]                           
  top_riscv_soc/TOP/Alu/inst_BS/U16/A (NO2HDLLX1)                  0.000     0.282     0.000                0.000     28.860 f    (NO LOCATION)                         1.80
  top_riscv_soc/TOP/Alu/inst_BS/U16/Q (NO2HDLLX1)                            0.488                          0.459     29.320 r    (NO LOCATION)                         1.80
  top_riscv_soc/TOP/Alu/inst_BS/n53 (net)       3        0.025                                              0.000     29.320 r    [0.00,0.03]                           
  top_riscv_soc/TOP/Alu/inst_BS/U17/A (INHDLLX1)                   0.000     0.488     0.000                0.000     29.320 r    (NO LOCATION)                         1.80
  top_riscv_soc/TOP/Alu/inst_BS/U17/Q (INHDLLX1)                             0.286                          0.357     29.677 f    (NO LOCATION)                         1.80
  top_riscv_soc/TOP/Alu/inst_BS/n81 (net)       5        0.041                                              0.000     29.677 f    [0.01,0.04]                           
  top_riscv_soc/TOP/Alu/inst_BS/U18/B (NO2HDLLX1)                  0.000     0.286     0.000                0.000     29.678 f    (NO LOCATION)                         1.80
  top_riscv_soc/TOP/Alu/inst_BS/U18/Q (NO2HDLLX1)                            0.465                          0.454     30.132 r    (NO LOCATION)                         1.80
  top_riscv_soc/TOP/Alu/inst_BS/n1 (net)        3        0.025                                              0.000     30.132 r    [0.00,0.03]                           
  top_riscv_soc/TOP/Alu/inst_BS/U19/C (AN21HDLLX1)                 0.000     0.465     0.000                0.000     30.132 r    (NO LOCATION)                         1.80
  top_riscv_soc/TOP/Alu/inst_BS/U19/Q (AN21HDLLX1)                           0.307                          0.264     30.396 f    (NO LOCATION)                         1.80
  top_riscv_soc/TOP/Alu/inst_BS/n67 (net)       4        0.031                                              0.000     30.396 f    [0.01,0.03]                           
  top_riscv_soc/TOP/Alu/inst_BS/U20/C (AN22HDLLX1)                 0.000     0.307     0.000                0.000     30.396 f    (NO LOCATION)                         1.80
  top_riscv_soc/TOP/Alu/inst_BS/U20/Q (AN22HDLLX1)                           1.061                          0.935     31.332 r    (NO LOCATION)                         1.80
  top_riscv_soc/TOP/Alu/inst_BS/n123 (net)      5        0.067                                              0.000     31.332 r    [0.01,0.07]                           
  top_riscv_soc/TOP/Alu/inst_BS/U163/A (INHDLLX1)                  0.000     1.061     0.000                0.000     31.332 r    (NO LOCATION)                         1.80
  top_riscv_soc/TOP/Alu/inst_BS/U163/Q (INHDLLX1)                            0.466                          0.569     31.901 f    (NO LOCATION)                         1.80
  top_riscv_soc/TOP/Alu/inst_BS/n120 (net)      4        0.056                                              0.000     31.901 f    [0.01,0.06]                           
  top_riscv_soc/TOP/Alu/inst_BS/U170/A (NO2HDLLX1)                 0.000     0.466     0.000                0.000     31.901 f    (NO LOCATION)                         1.80
  top_riscv_soc/TOP/Alu/inst_BS/U170/Q (NO2HDLLX1)                           3.786                          3.046     34.947 r    (NO LOCATION)                         1.80
  top_riscv_soc/TOP/Alu/inst_BS/n136 (net)     32        0.260                                              0.000     34.947 r    [0.02,0.26]                           
  top_riscv_soc/TOP/Alu/inst_BS/genblk4_20__inst_buffer_s/enable (tristate_buffer_2)                        0.000     34.947 r    (netlink)                             
  top_riscv_soc/TOP/Alu/inst_BS/genblk4_20__inst_buffer_s/enable (net)
                                                         0.260                                              0.000     34.947 r    [0.02,0.26]                           
  top_riscv_soc/TOP/Alu/inst_BS/genblk4_20__inst_buffer_s/output_x_tri_12_/E (BTHHDLLX2)
                                                                   0.000     3.786     0.000                0.000     34.947 r    (NO LOCATION)                         1.80
  top_riscv_soc/TOP/Alu/inst_BS/genblk4_20__inst_buffer_s/output_x_tri_12_/Q (BTHHDLLX2)
                                                                             0.198                          1.560     36.508 f    (NO LOCATION)                         1.80
  top_riscv_soc/TOP/Alu/inst_BS/genblk4_20__inst_buffer_s/output_x[12] (net)
                                                1        0.049                                              0.000     36.508 f    [0.01,0.05]                           
  top_riscv_soc/TOP/Alu/inst_BS/genblk4_20__inst_buffer_s/output_x[12] (tristate_buffer_2)                  0.000     36.508 f    (netlink)                             
  top_riscv_soc/TOP/Alu/inst_BS/out_x_0__12_ (net)       0.049                                              0.000     36.508 f    [0.01,0.05]                           
  top_riscv_soc/TOP/Alu/inst_BS/U98/IN0 (MU2HDLLX1)                0.000     0.198     0.000                0.003     36.510 f    (NO LOCATION)                         1.80
  top_riscv_soc/TOP/Alu/inst_BS/U98/Q (MU2HDLLX1)                            0.091                          0.439     36.949 f    (NO LOCATION)                         1.80
  top_riscv_soc/TOP/Alu/inst_BS/Y[12] (net)     1        0.009                                              0.000     36.949 f    [0.00,0.01]                           
  top_riscv_soc/TOP/Alu/inst_BS/Y[12] (Barrel_Shifter)                                                      0.000     36.949 f    (netlink)                             
  top_riscv_soc/TOP/Alu/final_shift[12] (net)            0.009                                              0.000     36.949 f    [0.00,0.01]                           
  top_riscv_soc/TOP/Alu/U422/C (AN22HDLLX1)                        0.000     0.091     0.000                0.000     36.949 f    (NO LOCATION)                         1.80
  top_riscv_soc/TOP/Alu/U422/Q (AN22HDLLX1)                                  0.297                          0.201     37.150 r    (NO LOCATION)                         1.80
  top_riscv_soc/TOP/Alu/n360 (net)              1        0.005                                              0.000     37.150 r    [0.00,0.00]                           
  top_riscv_soc/TOP/Alu/U424/C (OA211HDLLX1)                       0.000     0.297     0.000                0.000     37.150 r    (NO LOCATION)                         1.80
  top_riscv_soc/TOP/Alu/U424/Q (OA211HDLLX1)                                 0.188                          0.455     37.606 r    (NO LOCATION)                         1.80
  top_riscv_soc/TOP/Alu/n363 (net)              2        0.017                                              0.000     37.606 r    [0.00,0.02]                           
  top_riscv_soc/TOP/Alu/U425/B (AN32HDLLX1)                        0.000     0.188     0.000                0.000     37.606 r    (NO LOCATION)                         1.80
  top_riscv_soc/TOP/Alu/U425/Q (AN32HDLLX1)                                  0.371                          0.296     37.902 f    (NO LOCATION)                         1.80
  top_riscv_soc/TOP/Alu/OUT[12] (net)           3        0.019                                              0.000     37.902 f    [0.00,0.02]                           
  top_riscv_soc/TOP/Alu/OUT[12] (ALU_2_bits_size32_cntrl_size4)                                             0.000     37.902 f    (netlink)                             
  top_riscv_soc/TOP/alu_out[12] (net)                    0.019                                              0.000     37.902 f    [0.00,0.02]                           
  top_riscv_soc/TOP/U503/C (AO222HDLLX1)                           0.000     0.371     0.000                0.000     37.902 f    (NO LOCATION)                         1.80
  top_riscv_soc/TOP/U503/Q (AO222HDLLX1)                                     0.127                          0.856     38.757 f    (NO LOCATION)                         1.80
  top_riscv_soc/TOP/pc_pre[12] (net)            1        0.006                                              0.000     38.757 f    [0.00,0.01]                           
  top_riscv_soc/TOP/pc_reg_12_/D (DFRRQHDLLX0)                     0.000     0.127     0.000                0.000     38.758 f    (NO LOCATION)                         1.80
  data arrival time                                                                                                   38.758                                            

  clock CLK' (rise edge)                                                                                   25.000     25.000                                            
  clock network delay (ideal)                                                                               1.000     26.000                                            
  clock uncertainty                                                                                        -0.100     25.900                                            
  top_riscv_soc/TOP/pc_reg_12_/C (DFRRQHDLLX0)                                                              0.000     25.900 r                                          
  library setup time                                                                                       -0.435     25.465                                            
  data required time                                                                                                  25.465                                            
  ---------------------------------------------------------------------------------------------------------------------------------------------------------------------------
  data required time                                                                                                  25.465                                            
  data arrival time                                                                                                  -38.758                                            
  ---------------------------------------------------------------------------------------------------------------------------------------------------------------------------
  slack (VIOLATED)                                                                                                   -13.292                                            


1
